items:
  - items_id: 2
    category: "机"
    item: "キッチンテーブル"
    registration_date: "2025-03-12 23:43:21"
    deleted_date: "0000-00-00 00:00:00"
    stocksList: null
    ordersList: null