orders:
  - items_id:  2
    order_date:  20
    delivery_date:  "2025-03-20 23:49:23"