items:
  - items_id:
    category:  "机"
    item:  "オフィスデスク"
    registration_date:  "2025-03-16 21:01:30"
    deleted_date:  "0000-00-00 00:00:00"
    stocksList:  null
    ordersList:  null